Archive member included to satisfy reference by file (symbol)

/usr/bin/../lib/gcc/arm-none-eabi/14.2.1/../../../../arm-none-eabi/lib/thumb/v7-m/nofp/libc_nano.a(libc_a-exit.o)
                              /usr/bin/../lib/gcc/arm-none-eabi/14.2.1/../../../../arm-none-eabi/lib/thumb/v7-m/nofp/crt0.o (exit)
/usr/bin/../lib/gcc/arm-none-eabi/14.2.1/../../../../arm-none-eabi/lib/thumb/v7-m/nofp/libc_nano.a(libc_a-findfp.o)
                              /usr/bin/../lib/gcc/arm-none-eabi/14.2.1/../../../../arm-none-eabi/lib/thumb/v7-m/nofp/libc_nano.a(libc_a-exit.o) (__stdio_exit_handler)
/usr/bin/../lib/gcc/arm-none-eabi/14.2.1/../../../../arm-none-eabi/lib/thumb/v7-m/nofp/libc_nano.a(libc_a-fwalk.o)
                              /usr/bin/../lib/gcc/arm-none-eabi/14.2.1/../../../../arm-none-eabi/lib/thumb/v7-m/nofp/libc_nano.a(libc_a-findfp.o) (_fwalk_sglue)
/usr/bin/../lib/gcc/arm-none-eabi/14.2.1/../../../../arm-none-eabi/lib/thumb/v7-m/nofp/libc_nano.a(libc_a-stdio.o)
                              /usr/bin/../lib/gcc/arm-none-eabi/14.2.1/../../../../arm-none-eabi/lib/thumb/v7-m/nofp/libc_nano.a(libc_a-findfp.o) (__sread)
/usr/bin/../lib/gcc/arm-none-eabi/14.2.1/../../../../arm-none-eabi/lib/thumb/v7-m/nofp/libc_nano.a(libc_a-memset.o)
                              /usr/bin/../lib/gcc/arm-none-eabi/14.2.1/../../../../arm-none-eabi/lib/thumb/v7-m/nofp/crt0.o (memset)
/usr/bin/../lib/gcc/arm-none-eabi/14.2.1/../../../../arm-none-eabi/lib/thumb/v7-m/nofp/libc_nano.a(libc_a-closer.o)
                              /usr/bin/../lib/gcc/arm-none-eabi/14.2.1/../../../../arm-none-eabi/lib/thumb/v7-m/nofp/libc_nano.a(libc_a-stdio.o) (_close_r)
/usr/bin/../lib/gcc/arm-none-eabi/14.2.1/../../../../arm-none-eabi/lib/thumb/v7-m/nofp/libc_nano.a(libc_a-reent.o)
                              /usr/bin/../lib/gcc/arm-none-eabi/14.2.1/../../../../arm-none-eabi/lib/thumb/v7-m/nofp/libc_nano.a(libc_a-closer.o) (errno)
/usr/bin/../lib/gcc/arm-none-eabi/14.2.1/../../../../arm-none-eabi/lib/thumb/v7-m/nofp/libc_nano.a(libc_a-impure.o)
                              /usr/bin/../lib/gcc/arm-none-eabi/14.2.1/../../../../arm-none-eabi/lib/thumb/v7-m/nofp/libc_nano.a(libc_a-reent.o) (_impure_ptr)
/usr/bin/../lib/gcc/arm-none-eabi/14.2.1/../../../../arm-none-eabi/lib/thumb/v7-m/nofp/libc_nano.a(libc_a-lseekr.o)
                              /usr/bin/../lib/gcc/arm-none-eabi/14.2.1/../../../../arm-none-eabi/lib/thumb/v7-m/nofp/libc_nano.a(libc_a-stdio.o) (_lseek_r)
/usr/bin/../lib/gcc/arm-none-eabi/14.2.1/../../../../arm-none-eabi/lib/thumb/v7-m/nofp/libc_nano.a(libc_a-readr.o)
                              /usr/bin/../lib/gcc/arm-none-eabi/14.2.1/../../../../arm-none-eabi/lib/thumb/v7-m/nofp/libc_nano.a(libc_a-stdio.o) (_read_r)
/usr/bin/../lib/gcc/arm-none-eabi/14.2.1/../../../../arm-none-eabi/lib/thumb/v7-m/nofp/libc_nano.a(libc_a-writer.o)
                              /usr/bin/../lib/gcc/arm-none-eabi/14.2.1/../../../../arm-none-eabi/lib/thumb/v7-m/nofp/libc_nano.a(libc_a-stdio.o) (_write_r)
/usr/bin/../lib/gcc/arm-none-eabi/14.2.1/../../../../arm-none-eabi/lib/thumb/v7-m/nofp/libc_nano.a(libc_a-init.o)
                              /usr/bin/../lib/gcc/arm-none-eabi/14.2.1/../../../../arm-none-eabi/lib/thumb/v7-m/nofp/crt0.o (__libc_init_array)
/usr/bin/../lib/gcc/arm-none-eabi/14.2.1/../../../../arm-none-eabi/lib/thumb/v7-m/nofp/libc_nano.a(libc_a-lock.o)
                              /usr/bin/../lib/gcc/arm-none-eabi/14.2.1/../../../../arm-none-eabi/lib/thumb/v7-m/nofp/libc_nano.a(libc_a-findfp.o) (__retarget_lock_init_recursive)
/usr/bin/../lib/gcc/arm-none-eabi/14.2.1/../../../../arm-none-eabi/lib/thumb/v7-m/nofp/libc_nano.a(libc_a-freer.o)
                              /usr/bin/../lib/gcc/arm-none-eabi/14.2.1/../../../../arm-none-eabi/lib/thumb/v7-m/nofp/libc_nano.a(libc_a-reent.o) (_free_r)
/usr/bin/../lib/gcc/arm-none-eabi/14.2.1/../../../../arm-none-eabi/lib/thumb/v7-m/nofp/libc_nano.a(libc_a-mallocr.o)
                              /usr/bin/../lib/gcc/arm-none-eabi/14.2.1/../../../../arm-none-eabi/lib/thumb/v7-m/nofp/libc_nano.a(libc_a-findfp.o) (_malloc_r)
/usr/bin/../lib/gcc/arm-none-eabi/14.2.1/../../../../arm-none-eabi/lib/thumb/v7-m/nofp/libc_nano.a(libc_a-mlock.o)
                              /usr/bin/../lib/gcc/arm-none-eabi/14.2.1/../../../../arm-none-eabi/lib/thumb/v7-m/nofp/libc_nano.a(libc_a-freer.o) (__malloc_lock)
/usr/bin/../lib/gcc/arm-none-eabi/14.2.1/../../../../arm-none-eabi/lib/thumb/v7-m/nofp/libc_nano.a(libc_a-fflush.o)
                              /usr/bin/../lib/gcc/arm-none-eabi/14.2.1/../../../../arm-none-eabi/lib/thumb/v7-m/nofp/libc_nano.a(libc_a-findfp.o) (_fflush_r)
/usr/bin/../lib/gcc/arm-none-eabi/14.2.1/../../../../arm-none-eabi/lib/thumb/v7-m/nofp/libc_nano.a(libc_a-sbrkr.o)
                              /usr/bin/../lib/gcc/arm-none-eabi/14.2.1/../../../../arm-none-eabi/lib/thumb/v7-m/nofp/libc_nano.a(libc_a-mallocr.o) (_sbrk_r)
[...]
Memory Configuration

Name             Origin             Length             Attributes
RAM              0x20000000         0x00002800         xrw
FLASH            0x08000000         0x00008000         xr
*default*        0x00000000         0xffffffff

Linker script and memory map

LOAD /usr/bin/../lib/gcc/arm-none-eabi/14.2.1/thumb/v7-m/nofp/crti.o
LOAD /usr/bin/../lib/gcc/arm-none-eabi/14.2.1/thumb/v7-m/nofp/crtbegin.o
LOAD /usr/bin/../lib/gcc/arm-none-eabi/14.2.1/../../../../arm-none-eabi/lib/thumb/v7-m/nofp/crt0.o
START GROUP
LOAD /usr/bin/../lib/gcc/arm-none-eabi/14.2.1/../../../../arm-none-eabi/lib/thumb/v7-m/nofp/libc_nano.a
LOAD /usr/bin/../lib/gcc/arm-none-eabi/14.2.1/../../../../arm-none-eabi/lib/thumb/v7-m/nofp/libm.a
END GROUP
LOAD cmake/stm32cubemx/CMakeFiles/STM32_Drivers.dir/__/__/Core/Src/system_stm32f1xx.c.obj
LOAD cmake/stm32cubemx/CMakeFiles/STM32_Drivers.dir/__/__/Drivers/STM32F1xx_HAL_Driver/Src/stm32f1xx_hal_gpio_ex.c.obj
LOAD cmake/stm32cubemx/CMakeFiles/STM32_Drivers.dir/__/__/Drivers/STM32F1xx_HAL_Driver/Src/stm32f1xx_hal_i2c.c.obj
LOAD cmake/stm32cubemx/CMakeFiles/STM32_Drivers.dir/__/__/Drivers/STM32F1xx_HAL_Driver/Src/stm32f1xx_hal.c.obj
LOAD cmake/stm32cubemx/CMakeFiles/STM32_Drivers.dir/__/__/Drivers/STM32F1xx_HAL_Driver/Src/stm32f1xx_hal_rcc.c.obj
LOAD cmake/stm32cubemx/CMakeFiles/STM32_Drivers.dir/__/__/Drivers/STM32F1xx_HAL_Driver/Src/stm32f1xx_hal_rcc_ex.c.obj
LOAD cmake/stm32cubemx/CMakeFiles/STM32_Drivers.dir/__/__/Drivers/STM32F1xx_HAL_Driver/Src/stm32f1xx_hal_gpio.c.obj
LOAD cmake/stm32cubemx/CMakeFiles/STM32_Drivers.dir/__/__/Drivers/STM32F1xx_HAL_Driver/Src/stm32f1xx_hal_dma.c.obj
LOAD cmake/stm32cubemx/CMakeFiles/STM32_Drivers.dir/__/__/Drivers/STM32F1xx_HAL_Driver/Src/stm32f1xx_hal_cortex.c.obj
LOAD cmake/stm32cubemx/CMakeFiles/STM32_Drivers.dir/__/__/Drivers/STM32F1xx_HAL_Driver/Src/stm32f1xx_hal_pwr.c.obj
LOAD cmake/stm32cubemx/CMakeFiles/STM32_Drivers.dir/__/__/Drivers/STM32F1xx_HAL_Driver/Src/stm32f1xx_hal_flash.c.obj
LOAD cmake/stm32cubemx/CMakeFiles/STM32_Drivers.dir/__/__/Drivers/STM32F1xx_HAL_Driver/Src/stm32f1xx_hal_flash_ex.c.obj
LOAD cmake/stm32cubemx/CMakeFiles/STM32_Drivers.dir/__/__/Drivers/STM32F1xx_HAL_Driver/Src/stm32f1xx_hal_exti.c.obj
LOAD cmake/stm32cubemx/CMakeFiles/STM32_Drivers.dir/__/__/Drivers/STM32F1xx_HAL_Driver/Src/stm32f1xx_hal_spi.c.obj
LOAD cmake/stm32cubemx/CMakeFiles/STM32_Drivers.dir/__/__/Drivers/STM32F1xx_HAL_Driver/Src/stm32f1xx_hal_uart.c.obj
LOAD CMakeFiles/dc_diploma_code.dir/Core/Src/main.c.obj
LOAD CMakeFiles/dc_diploma_code.dir/Core/Src/stm32f1xx_it.c.obj
LOAD CMakeFiles/dc_diploma_code.dir/Core/Src/stm32f1xx_hal_msp.c.obj
LOAD CMakeFiles/dc_diploma_code.dir/Core/Src/sysmem.c.obj
LOAD CMakeFiles/dc_diploma_code.dir/Core/Src/syscalls.c.obj
LOAD CMakeFiles/dc_diploma_code.dir/startup_stm32f103x6.s.obj
LOAD CMakeFiles/dc_diploma_code.dir/Core/Src/ds18b20.c.obj
LOAD CMakeFiles/dc_diploma_code.dir/Core/Src/uart_term.c.obj
LOAD CMakeFiles/dc_diploma_code.dir/Core/Src/onewire.c.obj
START GROUP
LOAD /usr/bin/../lib/gcc/arm-none-eabi/14.2.1/thumb/v7-m/nofp/libgcc.a
LOAD /usr/bin/../lib/gcc/arm-none-eabi/14.2.1/../../../../arm-none-eabi/lib/thumb/v7-m/nofp/libg_nano.a
LOAD /usr/bin/../lib/gcc/arm-none-eabi/14.2.1/../../../../arm-none-eabi/lib/thumb/v7-m/nofp/libc_nano.a
END GROUP
START GROUP
LOAD /usr/bin/../lib/gcc/arm-none-eabi/14.2.1/thumb/v7-m/nofp/libgcc.a
LOAD /usr/bin/../lib/gcc/arm-none-eabi/14.2.1/../../../../arm-none-eabi/lib/thumb/v7-m/nofp/libc_nano.a
END GROUP
LOAD /usr/bin/../lib/gcc/arm-none-eabi/14.2.1/thumb/v7-m/nofp/crtend.o
LOAD /usr/bin/../lib/gcc/arm-none-eabi/14.2.1/thumb/v7-m/nofp/crtn.o
                0x20002800                        _estack = (ORIGIN (RAM) + LENGTH (RAM))
                0x00000200                        _Min_Heap_Size = 0x200
                0x00000400                        _Min_Stack_Size = 0x400

.isr_vector     0x08000000      0x10c
                0x08000000                        . = ALIGN (0x4)
 *(.isr_vector)
 .isr_vector    0x08000000      0x10c CMakeFiles/dc_diploma_code.dir/startup_stm32f103x6.s.obj
                0x08000000                g_pfnVectors
                0x0800010c                        . = ALIGN (0x4)

.text           0x0800010c     0x373c
                0x0800010c                        . = ALIGN (0x4)
 *(.text)
 .text          0x0800010c      0x168 /usr/bin/../lib/gcc/arm-none-eabi/14.2.1/thumb/v7-m/nofp/libgcc.a(_arm_mulsf3.o)
                0x0800010c                __mulsf3
                0x0800010c                __aeabi_fmul
 .text          0x08000274      0x21c /usr/bin/../lib/gcc/arm-none-eabi/14.2.1/thumb/v7-m/nofp/libgcc.a(_arm_addsubsf3.o)
                0x08000274                __aeabi_frsub
                0x0800027c                __subsf3
                0x0800027c                __aeabi_fsub
                0x08000280                __aeabi_fadd
                0x08000280                __addsf3
                0x080003e0                __aeabi_ui2f
                0x080003e0                __floatunsisf
                0x080003e8                __aeabi_i2f
                0x080003e8                __floatsisf
                0x08000404                __floatundisf
                0x08000404                __aeabi_ul2f
                0x08000414                __floatdisf
                0x08000414                __aeabi_l2f
 *(.text*)
 .text.deregister_tm_clones
                0x08000490       0x1c /usr/bin/../lib/gcc/arm-none-eabi/14.2.1/thumb/v7-m/nofp/crtbegin.o
 .text.register_tm_clones
                0x080004ac       0x24 /usr/bin/../lib/gcc/arm-none-eabi/14.2.1/thumb/v7-m/nofp/crtbegin.o
 .text.__do_global_dtors_aux
                0x080004d0       0x28 /usr/bin/../lib/gcc/arm-none-eabi/14.2.1/thumb/v7-m/nofp/crtbegin.o
 .text.frame_dummy
                0x080004f8       0x24 /usr/bin/../lib/gcc/arm-none-eabi/14.2.1/thumb/v7-m/nofp/crtbegin.o
 .text.memset   0x0800051c       0x10 /usr/bin/../lib/gcc/arm-none-eabi/14.2.1/../../../../arm-none-eabi/lib/thumb/v7-m/nofp/libc_nano.a(libc_a-memset.o)
                0x0800051c                memset
 .text.__libc_init_array
                0x0800052c       0x48 /usr/bin/../lib/gcc/arm-none-eabi/14.2.1/../../../../arm-none-eabi/lib/thumb/v7-m/nofp/libc_nano.a(libc_a-init.o)
                0x0800052c                __libc_init_array
 .text.SystemInit
                0x08000574        0xc cmake/stm32cubemx/CMakeFiles/STM32_Drivers.dir/__/__/Core/Src/system_stm32f1xx.c.obj
                0x08000574                SystemInit
 .text.HAL_I2C_Init
                0x08000580      0x288 cmake/stm32cubemx/CMakeFiles/STM32_Drivers.dir/__/__/Drivers/STM32F1xx_HAL_Driver/Src/stm32f1xx_hal_i2c.c.obj
                0x08000580                HAL_I2C_Init
 .text.HAL_Init
                0x08000808       0x2c cmake/stm32cubemx/CMakeFiles/STM32_Drivers.dir/__/__/Drivers/STM32F1xx_HAL_Driver/Src/stm32f1xx_hal.c.obj
                0x08000808                HAL_Init
 .text.HAL_InitTick
                0x08000834       0x60 cmake/stm32cubemx/CMakeFiles/STM32_Drivers.dir/__/__/Drivers/STM32F1xx_HAL_Driver/Src/stm32f1xx_hal.c.obj
                0x08000834                HAL_InitTick
 .text.HAL_IncTick
                0x08000894       0x24 cmake/stm32cubemx/CMakeFiles/STM32_Drivers.dir/__/__/Drivers/STM32F1xx_HAL_Driver/Src/stm32f1xx_hal.c.obj
                0x08000894                HAL_IncTick
 .text.HAL_GetTick
                0x080008b8       0x14 cmake/stm32cubemx/CMakeFiles/STM32_Drivers.dir/__/__/Drivers/STM32F1xx_HAL_Driver/Src/stm32f1xx_hal.c.obj
                0x080008b8                HAL_GetTick
 .text.HAL_Delay
                0x080008cc       0x48 cmake/stm32cubemx/CMakeFiles/STM32_Drivers.dir/__/__/Drivers/STM32F1xx_HAL_Driver/Src/stm32f1xx_hal.c.obj
                0x080008cc                HAL_Delay
 .text.HAL_RCC_OscConfig
                0x08000914      0x504 cmake/stm32cubemx/CMakeFiles/STM32_Drivers.dir/__/__/Drivers/STM32F1xx_HAL_Driver/Src/stm32f1xx_hal_rcc.c.obj
                0x08000914                HAL_RCC_OscConfig
 .text.HAL_RCC_ClockConfig
                0x08000e18      0x1d4 cmake/stm32cubemx/CMakeFiles/STM32_Drivers.dir/__/__/Drivers/STM32F1xx_HAL_Driver/Src/stm32f1xx_hal_rcc.c.obj
                0x08000e18                HAL_RCC_ClockConfig
 .text.HAL_RCC_GetSysClockFreq
                0x08000fec       0xa8 cmake/stm32cubemx/CMakeFiles/STM32_Drivers.dir/__/__/Drivers/STM32F1xx_HAL_Driver/Src/stm32f1xx_hal_rcc.c.obj
                0x08000fec                HAL_RCC_GetSysClockFreq
 .text.HAL_RCC_GetHCLKFreq
                0x08001094       0x14 cmake/stm32cubemx/CMakeFiles/STM32_Drivers.dir/__/__/Drivers/STM32F1xx_HAL_Driver/Src/stm32f1xx_hal_rcc.c.obj
                0x08001094                HAL_RCC_GetHCLKFreq
 .text.HAL_RCC_GetPCLK1Freq
                0x080010a8       0x28 cmake/stm32cubemx/CMakeFiles/STM32_Drivers.dir/__/__/Drivers/STM32F1xx_HAL_Driver/Src/stm32f1xx_hal_rcc.c.obj
                0x080010a8                HAL_RCC_GetPCLK1Freq
 .text.HAL_RCC_GetPCLK2Freq
                0x080010d0       0x28 cmake/stm32cubemx/CMakeFiles/STM32_Drivers.dir/__/__/Drivers/STM32F1xx_HAL_Driver/Src/stm32f1xx_hal_rcc.c.obj
                0x080010d0                HAL_RCC_GetPCLK2Freq
 .text.RCC_Delay
                0x080010f8       0x3c cmake/stm32cubemx/CMakeFiles/STM32_Drivers.dir/__/__/Drivers/STM32F1xx_HAL_Driver/Src/stm32f1xx_hal_rcc.c.obj
 .text.HAL_GPIO_Init
                0x08001134      0x2f8 cmake/stm32cubemx/CMakeFiles/STM32_Drivers.dir/__/__/Drivers/STM32F1xx_HAL_Driver/Src/stm32f1xx_hal_gpio.c.obj
                0x08001134                HAL_GPIO_Init
 .text.HAL_GPIO_WritePin
                0x0800142c       0x30 cmake/stm32cubemx/CMakeFiles/STM32_Drivers.dir/__/__/Drivers/STM32F1xx_HAL_Driver/Src/stm32f1xx_hal_gpio.c.obj
                0x0800142c                HAL_GPIO_WritePin
 .text.HAL_DMA_Init
                0x0800145c       0xb4 cmake/stm32cubemx/CMakeFiles/STM32_Drivers.dir/__/__/Drivers/STM32F1xx_HAL_Driver/Src/stm32f1xx_hal_dma.c.obj
                0x0800145c                HAL_DMA_Init
 .text.HAL_DMA_Abort
                0x08001510       0x76 cmake/stm32cubemx/CMakeFiles/STM32_Drivers.dir/__/__/Drivers/STM32F1xx_HAL_Driver/Src/stm32f1xx_hal_dma.c.obj
                0x08001510                HAL_DMA_Abort
 *fill*         0x08001586        0x2 
 .text.HAL_DMA_Abort_IT
                0x08001588       0xf0 cmake/stm32cubemx/CMakeFiles/STM32_Drivers.dir/__/__/Drivers/STM32F1xx_HAL_Driver/Src/stm32f1xx_hal_dma.c.obj
                0x08001588                HAL_DMA_Abort_IT
 .text.HAL_DMA_IRQHandler
                0x08001678      0x20c cmake/stm32cubemx/CMakeFiles/STM32_Drivers.dir/__/__/Drivers/STM32F1xx_HAL_Driver/Src/stm32f1xx_hal_dma.c.obj
                0x08001678                HAL_DMA_IRQHandler
 .text.__NVIC_SetPriorityGrouping
                0x08001884       0x48 cmake/stm32cubemx/CMakeFiles/STM32_Drivers.dir/__/__/Drivers/STM32F1xx_HAL_Driver/Src/stm32f1xx_hal_cortex.c.obj
 .text.__NVIC_GetPriorityGrouping
                0x080018cc       0x1c cmake/stm32cubemx/CMakeFiles/STM32_Drivers.dir/__/__/Drivers/STM32F1xx_HAL_Driver/Src/stm32f1xx_hal_cortex.c.obj
 .text.__NVIC_EnableIRQ
                0x080018e8       0x38 cmake/stm32cubemx/CMakeFiles/STM32_Drivers.dir/__/__/Drivers/STM32F1xx_HAL_Driver/Src/stm32f1xx_hal_cortex.c.obj
 .text.__NVIC_SetPriority
                0x08001920       0x54 cmake/stm32cubemx/CMakeFiles/STM32_Drivers.dir/__/__/Drivers/STM32F1xx_HAL_Driver/Src/stm32f1xx_hal_cortex.c.obj
 .text.NVIC_EncodePriority
                0x08001974       0x64 cmake/stm32cubemx/CMakeFiles/STM32_Drivers.dir/__/__/Drivers/STM32F1xx_HAL_Driver/Src/stm32f1xx_hal_cortex.c.obj
 .text.SysTick_Config
                0x080019d8       0x44 cmake/stm32cubemx/CMakeFiles/STM32_Drivers.dir/__/__/Drivers/STM32F1xx_HAL_Driver/Src/stm32f1xx_hal_cortex.c.obj
 .text.HAL_NVIC_SetPriorityGrouping
                0x08001a1c       0x16 cmake/stm32cubemx/CMakeFiles/STM32_Drivers.dir/__/__/Drivers/STM32F1xx_HAL_Driver/Src/stm32f1xx_hal_cortex.c.obj
                0x08001a1c                HAL_NVIC_SetPriorityGrouping
 .text.HAL_NVIC_SetPriority
                0x08001a32       0x38 cmake/stm32cubemx/CMakeFiles/STM32_Drivers.dir/__/__/Drivers/STM32F1xx_HAL_Driver/Src/stm32f1xx_hal_cortex.c.obj
                0x08001a32                HAL_NVIC_SetPriority
 .text.HAL_NVIC_EnableIRQ
                0x08001a6a       0x1c cmake/stm32cubemx/CMakeFiles/STM32_Drivers.dir/__/__/Drivers/STM32F1xx_HAL_Driver/Src/stm32f1xx_hal_cortex.c.obj
                0x08001a6a                HAL_NVIC_EnableIRQ
 .text.HAL_SYSTICK_Config
                0x08001a86       0x18 cmake/stm32cubemx/CMakeFiles/STM32_Drivers.dir/__/__/Drivers/STM32F1xx_HAL_Driver/Src/stm32f1xx_hal_cortex.c.obj
                0x08001a86                HAL_SYSTICK_Config
 .text.HAL_SPI_Init
                0x08001a9e      0x108 cmake/stm32cubemx/CMakeFiles/STM32_Drivers.dir/__/__/Drivers/STM32F1xx_HAL_Driver/Src/stm32f1xx_hal_spi.c.obj
                0x08001a9e                HAL_SPI_Init
 .text.HAL_UART_Init
                0x08001ba6       0xa0 cmake/stm32cubemx/CMakeFiles/STM32_Drivers.dir/__/__/Drivers/STM32F1xx_HAL_Driver/Src/stm32f1xx_hal_uart.c.obj
                0x08001ba6                HAL_UART_Init
 .text.HAL_HalfDuplex_Init
                0x08001c46       0xb0 cmake/stm32cubemx/CMakeFiles/STM32_Drivers.dir/__/__/Drivers/STM32F1xx_HAL_Driver/Src/stm32f1xx_hal_uart.c.obj
                0x08001c46                HAL_HalfDuplex_Init
 .text.HAL_UART_Transmit
                0x08001cf6      0x116 cmake/stm32cubemx/CMakeFiles/STM32_Drivers.dir/__/__/Drivers/STM32F1xx_HAL_Driver/Src/stm32f1xx_hal_uart.c.obj
                0x08001cf6                HAL_UART_Transmit
 .text.HAL_UART_Receive
                0x08001e0c      0x12e cmake/stm32cubemx/CMakeFiles/STM32_Drivers.dir/__/__/Drivers/STM32F1xx_HAL_Driver/Src/stm32f1xx_hal_uart.c.obj
                0x08001e0c                HAL_UART_Receive
 *fill*         0x08001f3a        0x2 
 .text.HAL_UART_IRQHandler
                0x08001f3c      0x524 cmake/stm32cubemx/CMakeFiles/STM32_Drivers.dir/__/__/Drivers/STM32F1xx_HAL_Driver/Src/stm32f1xx_hal_uart.c.obj
                0x08001f3c                HAL_UART_IRQHandler
 .text.HAL_UART_TxCpltCallback
                0x08002460       0x12 cmake/stm32cubemx/CMakeFiles/STM32_Drivers.dir/__/__/Drivers/STM32F1xx_HAL_Driver/Src/stm32f1xx_hal_uart.c.obj
                0x08002460                HAL_UART_TxCpltCallback
 .text.HAL_UART_RxCpltCallback
                0x08002472       0x12 cmake/stm32cubemx/CMakeFiles/STM32_Drivers.dir/__/__/Drivers/STM32F1xx_HAL_Driver/Src/stm32f1xx_hal_uart.c.obj
                0x08002472                HAL_UART_RxCpltCallback
 .text.HAL_UART_ErrorCallback
                0x08002484       0x12 cmake/stm32cubemx/CMakeFiles/STM32_Drivers.dir/__/__/Drivers/STM32F1xx_HAL_Driver/Src/stm32f1xx_hal_uart.c.obj
                0x08002484                HAL_UART_ErrorCallback
 .text.HAL_UARTEx_RxEventCallback
                0x08002496       0x16 cmake/stm32cubemx/CMakeFiles/STM32_Drivers.dir/__/__/Drivers/STM32F1xx_HAL_Driver/Src/stm32f1xx_hal_uart.c.obj
                0x08002496                HAL_UARTEx_RxEventCallback
 .text.UART_WaitOnFlagUntilTimeout
                0x080024ac       0xb2 cmake/stm32cubemx/CMakeFiles/STM32_Drivers.dir/__/__/Drivers/STM32F1xx_HAL_Driver/Src/stm32f1xx_hal_uart.c.obj
 .text.UART_EndRxTransfer
                0x0800255e       0xc4 cmake/stm32cubemx/CMakeFiles/STM32_Drivers.dir/__/__/Drivers/STM32F1xx_HAL_Driver/Src/stm32f1xx_hal_uart.c.obj
 .text.UART_DMAAbortOnError
                0x08002622       0x28 cmake/stm32cubemx/CMakeFiles/STM32_Drivers.dir/__/__/Drivers/STM32F1xx_HAL_Driver/Src/stm32f1xx_hal_uart.c.obj
 .text.UART_Transmit_IT
                0x0800264a       0x9e cmake/stm32cubemx/CMakeFiles/STM32_Drivers.dir/__/__/Drivers/STM32F1xx_HAL_Driver/Src/stm32f1xx_hal_uart.c.obj
 .text.UART_EndTransmit_IT
                0x080026e8       0x30 cmake/stm32cubemx/CMakeFiles/STM32_Drivers.dir/__/__/Drivers/STM32F1xx_HAL_Driver/Src/stm32f1xx_hal_uart.c.obj
 .text.UART_Receive_IT
                0x08002718      0x17c cmake/stm32cubemx/CMakeFiles/STM32_Drivers.dir/__/__/Drivers/STM32F1xx_HAL_Driver/Src/stm32f1xx_hal_uart.c.obj
 .text.UART_SetConfig
                0x08002894      0x11c cmake/stm32cubemx/CMakeFiles/STM32_Drivers.dir/__/__/Drivers/STM32F1xx_HAL_Driver/Src/stm32f1xx_hal_uart.c.obj
 .text.main     0x080029b0       0xfc CMakeFiles/dc_diploma_code.dir/Core/Src/main.c.obj
                0x080029b0                main
 .text.SystemClock_Config
                0x08002aac       0x8a CMakeFiles/dc_diploma_code.dir/Core/Src/main.c.obj
                0x08002aac                SystemClock_Config
 *fill*         0x08002b36        0x2 
 .text.MX_I2C1_Init
                0x08002b38       0x5c CMakeFiles/dc_diploma_code.dir/Core/Src/main.c.obj
 .text.MX_SPI1_Init
                0x08002b94       0x6c CMakeFiles/dc_diploma_code.dir/Core/Src/main.c.obj
 .text.MX_USART1_UART_Init
                0x08002c00       0x54 CMakeFiles/dc_diploma_code.dir/Core/Src/main.c.obj
 .text.MX_USART2_UART_Init
                0x08002c54       0x54 CMakeFiles/dc_diploma_code.dir/Core/Src/main.c.obj
 .text.MX_DMA_Init
                0x08002ca8       0x3c CMakeFiles/dc_diploma_code.dir/Core/Src/main.c.obj
 .text.MX_GPIO_Init
                0x08002ce4       0x94 CMakeFiles/dc_diploma_code.dir/Core/Src/main.c.obj
 .text.Error_Handler
                0x08002d78        0xc CMakeFiles/dc_diploma_code.dir/Core/Src/main.c.obj
                0x08002d78                Error_Handler
 .text.NMI_Handler
                0x08002d84        0x8 CMakeFiles/dc_diploma_code.dir/Core/Src/stm32f1xx_it.c.obj
                0x08002d84                NMI_Handler
 .text.HardFault_Handler
                0x08002d8c        0x8 CMakeFiles/dc_diploma_code.dir/Core/Src/stm32f1xx_it.c.obj
                0x08002d8c                HardFault_Handler
 .text.MemManage_Handler
                0x08002d94        0x8 CMakeFiles/dc_diploma_code.dir/Core/Src/stm32f1xx_it.c.obj
                0x08002d94                MemManage_Handler
 .text.BusFault_Handler
                0x08002d9c        0x8 CMakeFiles/dc_diploma_code.dir/Core/Src/stm32f1xx_it.c.obj
                0x08002d9c                BusFault_Handler
 .text.UsageFault_Handler
                0x08002da4        0x8 CMakeFiles/dc_diploma_code.dir/Core/Src/stm32f1xx_it.c.obj
                0x08002da4                UsageFault_Handler
 .text.SVC_Handler
                0x08002dac        0xc CMakeFiles/dc_diploma_code.dir/Core/Src/stm32f1xx_it.c.obj
                0x08002dac                SVC_Handler
 .text.DebugMon_Handler
                0x08002db8        0xc CMakeFiles/dc_diploma_code.dir/Core/Src/stm32f1xx_it.c.obj
                0x08002db8                DebugMon_Handler
 .text.PendSV_Handler
                0x08002dc4        0xc CMakeFiles/dc_diploma_code.dir/Core/Src/stm32f1xx_it.c.obj
                0x08002dc4                PendSV_Handler
 .text.SysTick_Handler
                0x08002dd0        0xc CMakeFiles/dc_diploma_code.dir/Core/Src/stm32f1xx_it.c.obj
                0x08002dd0                SysTick_Handler
 .text.DMA1_Channel6_IRQHandler
                0x08002ddc       0x14 CMakeFiles/dc_diploma_code.dir/Core/Src/stm32f1xx_it.c.obj
                0x08002ddc                DMA1_Channel6_IRQHandler
 .text.USART2_IRQHandler
                0x08002df0       0x14 CMakeFiles/dc_diploma_code.dir/Core/Src/stm32f1xx_it.c.obj
                0x08002df0                USART2_IRQHandler
 .text.HAL_MspInit
                0x08002e04       0x64 CMakeFiles/dc_diploma_code.dir/Core/Src/stm32f1xx_hal_msp.c.obj
                0x08002e04                HAL_MspInit
 .text.HAL_I2C_MspInit
                0x08002e68       0x80 CMakeFiles/dc_diploma_code.dir/Core/Src/stm32f1xx_hal_msp.c.obj
                0x08002e68                HAL_I2C_MspInit
 .text.HAL_SPI_MspInit
                0x08002ee8       0x94 CMakeFiles/dc_diploma_code.dir/Core/Src/stm32f1xx_hal_msp.c.obj
                0x08002ee8                HAL_SPI_MspInit
 .text.HAL_UART_MspInit
                0x08002f7c      0x158 CMakeFiles/dc_diploma_code.dir/Core/Src/stm32f1xx_hal_msp.c.obj
                0x08002f7c                HAL_UART_MspInit
 .text.Reset_Handler
                0x080030d4       0x48 CMakeFiles/dc_diploma_code.dir/startup_stm32f103x6.s.obj
                0x080030d4                Reset_Handler
 .text.Default_Handler
                0x0800311c        0x2 CMakeFiles/dc_diploma_code.dir/startup_stm32f103x6.s.obj
                0x0800311c                RTC_Alarm_IRQHandler
                0x0800311c                EXTI2_IRQHandler
                0x0800311c                TIM1_CC_IRQHandler
                0x0800311c                PVD_IRQHandler
                0x0800311c                EXTI3_IRQHandler
                0x0800311c                EXTI0_IRQHandler
                0x0800311c                ADC1_2_IRQHandler
                0x0800311c                SPI1_IRQHandler
                0x0800311c                TAMPER_IRQHandler
                0x0800311c                DMA1_Channel4_IRQHandler
                0x0800311c                RTC_IRQHandler
                0x0800311c                DMA1_Channel7_IRQHandler
                0x0800311c                CAN1_RX1_IRQHandler
                0x0800311c                I2C1_EV_IRQHandler
                0x0800311c                TIM3_IRQHandler
                0x0800311c                RCC_IRQHandler
                0x0800311c                TIM1_TRG_COM_IRQHandler
                0x0800311c                DMA1_Channel1_IRQHandler
                0x0800311c                Default_Handler
                0x0800311c                EXTI15_10_IRQHandler
                0x0800311c                EXTI9_5_IRQHandler
                0x0800311c                DMA1_Channel5_IRQHandler
                0x0800311c                EXTI4_IRQHandler
                0x0800311c                USB_LP_CAN1_RX0_IRQHandler
                0x0800311c                USB_HP_CAN1_TX_IRQHandler
                0x0800311c                DMA1_Channel3_IRQHandler
                0x0800311c                TIM1_UP_IRQHandler
                0x0800311c                WWDG_IRQHandler
                0x0800311c                TIM2_IRQHandler
                0x0800311c                TIM1_BRK_IRQHandler
                0x0800311c                EXTI1_IRQHandler
                0x0800311c                DMA1_Channel2_IRQHandler
                0x0800311c                CAN1_SCE_IRQHandler
                0x0800311c                FLASH_IRQHandler
                0x0800311c                USART1_IRQHandler
                0x0800311c                I2C1_ER_IRQHandler
                0x0800311c                USBWakeUp_IRQHandler
 .text.CalculateChecksum
                0x0800311e       0x6e CMakeFiles/dc_diploma_code.dir/Core/Src/ds18b20.c.obj
 .text.ExecuteCommand
                0x0800318c       0xaa CMakeFiles/dc_diploma_code.dir/Core/Src/ds18b20.c.obj
 .text.WaitForConversionFinished
                0x08003236       0x3a CMakeFiles/dc_diploma_code.dir/Core/Src/ds18b20.c.obj
 .text.DS18B20_ConvertT
                0x08003270       0x88 CMakeFiles/dc_diploma_code.dir/Core/Src/ds18b20.c.obj
                0x08003270                DS18B20_ConvertT
 .text.DS18B20_ReadScratchpad
                0x080032f8       0xf8 CMakeFiles/dc_diploma_code.dir/Core/Src/ds18b20.c.obj
                0x080032f8                DS18B20_ReadScratchpad
 .text.DS18B20_WriteScratchpad
                0x080033f0       0x4c CMakeFiles/dc_diploma_code.dir/Core/Src/ds18b20.c.obj
                0x080033f0                DS18B20_WriteScratchpad
 .text.DS18B20_InitializationCommand
                0x0800343c       0x42 CMakeFiles/dc_diploma_code.dir/Core/Src/ds18b20.c.obj
                0x0800343c                DS18B20_InitializationCommand
 *fill*         0x0800347e        0x2 
 .text.DS18B20_ReadRom
                0x08003480       0x5c CMakeFiles/dc_diploma_code.dir/Core/Src/ds18b20.c.obj
                0x08003480                DS18B20_ReadRom
 .text.DS18B20_SkipRom
                0x080034dc       0x34 CMakeFiles/dc_diploma_code.dir/Core/Src/ds18b20.c.obj
                0x080034dc                DS18B20_SkipRom
 .text.DS18B20_Init
                0x08003510       0x26 CMakeFiles/dc_diploma_code.dir/Core/Src/ds18b20.c.obj
                0x08003510                DS18B20_Init
 *fill*         0x08003536        0x2 
 .text.throw_data_uart_term
                0x08003538       0x78 CMakeFiles/dc_diploma_code.dir/Core/Src/uart_term.c.obj
                0x08003538                throw_data_uart_term
 .text.SetBaudrate
                0x080035b0      0x174 CMakeFiles/dc_diploma_code.dir/Core/Src/onewire.c.obj
 .text.OneWire_ProcessBit
                0x08003724       0x44 CMakeFiles/dc_diploma_code.dir/Core/Src/onewire.c.obj
                0x08003724                OneWire_ProcessBit
 .text.OneWire_ProcessByte
                0x08003768       0x6c CMakeFiles/dc_diploma_code.dir/Core/Src/onewire.c.obj
                0x08003768                OneWire_ProcessByte
 .text.OneWire_Reset
                0x080037d4       0x5a CMakeFiles/dc_diploma_code.dir/Core/Src/onewire.c.obj
                0x080037d4                OneWire_Reset
 *(.glue_7)
 .glue_7        0x0800382e        0x0 linker stubs
 *(.glue_7t)
 .glue_7t       0x0800382e        0x0 linker stubs
 *(.eh_frame)
 *fill*         0x0800382e        0x2 
 .eh_frame      0x08003830        0x0 /usr/bin/../lib/gcc/arm-none-eabi/14.2.1/thumb/v7-m/nofp/crtbegin.o
 *(.init)
 .init          0x08003830        0x4 /usr/bin/../lib/gcc/arm-none-eabi/14.2.1/thumb/v7-m/nofp/crti.o
                0x08003830                _init
 .init          0x08003834        0x8 /usr/bin/../lib/gcc/arm-none-eabi/14.2.1/thumb/v7-m/nofp/crtn.o
 *(.fini)
 .fini          0x0800383c        0x4 /usr/bin/../lib/gcc/arm-none-eabi/14.2.1/thumb/v7-m/nofp/crti.o
                0x0800383c                _fini
 .fini          0x08003840        0x8 /usr/bin/../lib/gcc/arm-none-eabi/14.2.1/thumb/v7-m/nofp/crtn.o
                0x08003848                        . = ALIGN (0x4)
                0x08003848                        _etext = .

.vfp11_veneer   0x08003848        0x0
 .vfp11_veneer  0x08003848        0x0 linker stubs

.v4_bx          0x08003848        0x0
 .v4_bx         0x08003848        0x0 linker stubs

.iplt           0x08003848        0x0
 .iplt          0x08003848        0x0 /usr/bin/../lib/gcc/arm-none-eabi/14.2.1/thumb/v7-m/nofp/crtbegin.o

.rodata         0x08003848       0x60
                0x08003848                        . = ALIGN (0x4)
 *(.rodata)
 .rodata        0x08003848       0x33 CMakeFiles/dc_diploma_code.dir/Core/Src/uart_term.c.obj
 *(.rodata*)
 *fill*         0x0800387b        0x1 
 .rodata.AHBPrescTable
                0x0800387c       0x10 cmake/stm32cubemx/CMakeFiles/STM32_Drivers.dir/__/__/Core/Src/system_stm32f1xx.c.obj
                0x0800387c                AHBPrescTable
 .rodata.APBPrescTable
                0x0800388c        0x8 cmake/stm32cubemx/CMakeFiles/STM32_Drivers.dir/__/__/Core/Src/system_stm32f1xx.c.obj
                0x0800388c                APBPrescTable
 .rodata.aPLLMULFactorTable.1
                0x08003894       0x10 cmake/stm32cubemx/CMakeFiles/STM32_Drivers.dir/__/__/Drivers/STM32F1xx_HAL_Driver/Src/stm32f1xx_hal_rcc.c.obj
 .rodata.aPredivFactorTable.0
                0x080038a4        0x2 cmake/stm32cubemx/CMakeFiles/STM32_Drivers.dir/__/__/Drivers/STM32F1xx_HAL_Driver/Src/stm32f1xx_hal_rcc.c.obj
                0x080038a8                        . = ALIGN (0x4)
 *fill*         0x080038a6        0x2 

.ARM.extab      0x080038a8        0x0
                0x080038a8                        . = ALIGN (0x4)
 *(.ARM.extab* .gnu.linkonce.armextab.*)
                0x080038a8                        . = ALIGN (0x4)

.ARM            0x080038a8        0x0
                0x080038a8                        . = ALIGN (0x4)
                0x080038a8                        __exidx_start = .
 *(.ARM.exidx*)
                0x080038a8                        __exidx_end = .
                0x080038a8                        . = ALIGN (0x4)

.preinit_array  0x080038a8        0x0
                0x080038a8                        . = ALIGN (0x4)
                0x080038a8                        PROVIDE (__preinit_array_start = .)
 *(.preinit_array*)
                0x080038a8                        PROVIDE (__preinit_array_end = .)
                0x080038a8                        . = ALIGN (0x4)

.init_array     0x080038a8        0x4
                0x080038a8                        . = ALIGN (0x4)
                0x080038a8                        PROVIDE (__init_array_start = .)
 *(SORT_BY_NAME(.init_array.*))
 *(.init_array*)
 .init_array    0x080038a8        0x4 /usr/bin/../lib/gcc/arm-none-eabi/14.2.1/thumb/v7-m/nofp/crtbegin.o
                0x080038ac                        PROVIDE (__init_array_end = .)
                0x080038ac                        . = ALIGN (0x4)

.fini_array     0x080038ac        0x4
                0x080038ac                        . = ALIGN (0x4)
                [!provide]                        PROVIDE (__fini_array_start = .)
 *(SORT_BY_NAME(.fini_array.*))
 *(.fini_array*)
 .fini_array    0x080038ac        0x4 /usr/bin/../lib/gcc/arm-none-eabi/14.2.1/thumb/v7-m/nofp/crtbegin.o
                [!provide]                        PROVIDE (__fini_array_end = .)
                0x080038b0                        . = ALIGN (0x4)
                0x080038b0                        _sidata = LOADADDR (.data)

.rel.dyn        0x080038b0        0x0
 .rel.iplt      0x080038b0        0x0 /usr/bin/../lib/gcc/arm-none-eabi/14.2.1/thumb/v7-m/nofp/crtbegin.o

.data           0x20000000       0x20 load address 0x080038b0
                0x20000000                        . = ALIGN (0x4)
                0x20000000                        _sdata = .
 *(.data)
 *(.data*)
 .data.SystemCoreClock
                0x20000000        0x4 cmake/stm32cubemx/CMakeFiles/STM32_Drivers.dir/__/__/Core/Src/system_stm32f1xx.c.obj
                0x20000000                SystemCoreClock
 .data.uwTickPrio
                0x20000004        0x4 cmake/stm32cubemx/CMakeFiles/STM32_Drivers.dir/__/__/Drivers/STM32F1xx_HAL_Driver/Src/stm32f1xx_hal.c.obj
                0x20000004                uwTickPrio
 .data.uwTickFreq
                0x20000008        0x1 cmake/stm32cubemx/CMakeFiles/STM32_Drivers.dir/__/__/Drivers/STM32F1xx_HAL_Driver/Src/stm32f1xx_hal.c.obj
                0x20000008                uwTickFreq
 *fill*         0x20000009        0x3 
 .data.readRom  0x2000000c        0x3 CMakeFiles/dc_diploma_code.dir/Core/Src/ds18b20.c.obj
 *fill*         0x2000000f        0x1 
 .data.skipRom  0x20000010        0x3 CMakeFiles/dc_diploma_code.dir/Core/Src/ds18b20.c.obj
 *fill*         0x20000013        0x1 
 .data.readScratchpad
                0x20000014        0x3 CMakeFiles/dc_diploma_code.dir/Core/Src/ds18b20.c.obj
 *fill*         0x20000017        0x1 
 .data.writeScratchpad
                0x20000018        0x3 CMakeFiles/dc_diploma_code.dir/Core/Src/ds18b20.c.obj
 *fill*         0x2000001b        0x1 
 .data.convertT
                0x2000001c        0x3 CMakeFiles/dc_diploma_code.dir/Core/Src/ds18b20.c.obj
 *(.RamFunc)
 *(.RamFunc*)
                0x20000020                        . = ALIGN (0x4)
 *fill*         0x2000001f        0x1 
                0x20000020                        _edata = .

.tm_clone_table
                0x20000020        0x0 load address 0x080038d0
 .tm_clone_table
                0x20000020        0x0 /usr/bin/../lib/gcc/arm-none-eabi/14.2.1/thumb/v7-m/nofp/crtbegin.o
 .tm_clone_table
                0x20000020        0x0 /usr/bin/../lib/gcc/arm-none-eabi/14.2.1/thumb/v7-m/nofp/crtend.o

.igot.plt       0x20000020        0x0 load address 0x080038d0
 .igot.plt      0x20000020        0x0 /usr/bin/../lib/gcc/arm-none-eabi/14.2.1/thumb/v7-m/nofp/crtbegin.o
                0x20000020                        . = ALIGN (0x4)

.bss            0x20000020      0x1a0 load address 0x080038d0
                0x20000020                        _sbss = .
                0x20000020                        __bss_start__ = _sbss
 *(.bss)
 *(.bss*)
 .bss.completed.1
                0x20000020        0x1 /usr/bin/../lib/gcc/arm-none-eabi/14.2.1/thumb/v7-m/nofp/crtbegin.o
 *fill*         0x20000021        0x3 
 .bss.object.0  0x20000024       0x18 /usr/bin/../lib/gcc/arm-none-eabi/14.2.1/thumb/v7-m/nofp/crtbegin.o
 .bss.uwTick    0x2000003c        0x4 cmake/stm32cubemx/CMakeFiles/STM32_Drivers.dir/__/__/Drivers/STM32F1xx_HAL_Driver/Src/stm32f1xx_hal.c.obj
                0x2000003c                uwTick
 .bss.hi2c1     0x20000040       0x54 CMakeFiles/dc_diploma_code.dir/Core/Src/main.c.obj
                0x20000040                hi2c1
 .bss.hspi1     0x20000094       0x58 CMakeFiles/dc_diploma_code.dir/Core/Src/main.c.obj
                0x20000094                hspi1
 .bss.huart1    0x200000ec       0x48 CMakeFiles/dc_diploma_code.dir/Core/Src/main.c.obj
                0x200000ec                huart1
 .bss.huart2    0x20000134       0x48 CMakeFiles/dc_diploma_code.dir/Core/Src/main.c.obj
                0x20000134                huart2
 .bss.hdma_usart2_rx
                0x2000017c       0x44 CMakeFiles/dc_diploma_code.dir/Core/Src/main.c.obj
                0x2000017c                hdma_usart2_rx
 *(COMMON)
                0x200001c0                        . = ALIGN (0x4)
                0x200001c0                        _ebss = .
                0x200001c0                        __bss_end__ = _ebss

._user_heap_stack
                0x200001c0      0x600 load address 0x080038d0
                0x200001c0                        . = ALIGN (0x8)
                [!provide]                        PROVIDE (end = .)
                0x200001c0                        PROVIDE (_end = .)
                0x200003c0                        . = (. + _Min_Heap_Size)
 *fill*         0x200001c0      0x200 
                0x200007c0                        . = (. + _Min_Stack_Size)
 *fill*         0x200003c0      0x400 
                0x200007c0                        . = ALIGN (0x8)

/DISCARD/
 libc.a(*)
 libm.a(*)
 libgcc.a(*)
OUTPUT(dc_diploma_code.elf elf32-littlearm)
LOAD linker stubs
LOAD /usr/bin/../lib/gcc/arm-none-eabi/14.2.1/../../../../arm-none-eabi/lib/thumb/v7-m/nofp/libc.a
LOAD /usr/bin/../lib/gcc/arm-none-eabi/14.2.1/../../../../arm-none-eabi/lib/thumb/v7-m/nofp/libm.a
LOAD /usr/bin/../lib/gcc/arm-none-eabi/14.2.1/thumb/v7-m/nofp/libgcc.a

.ARM.attributes
                0x00000000       0x29
 .ARM.attributes
                0x00000000       0x1d /usr/bin/../lib/gcc/arm-none-eabi/14.2.1/thumb/v7-m/nofp/crti.o
 .ARM.attributes
                0x0000001d       0x2d /usr/bin/../lib/gcc/arm-none-eabi/14.2.1/thumb/v7-m/nofp/crtbegin.o
 .ARM.attributes
                0x0000004a       0x2d /usr/bin/../lib/gcc/arm-none-eabi/14.2.1/../../../../arm-none-eabi/lib/thumb/v7-m/nofp/libc_nano.a(libc_a-memset.o)
 .ARM.attributes
                0x00000077       0x2d /usr/bin/../lib/gcc/arm-none-eabi/14.2.1/../../../../arm-none-eabi/lib/thumb/v7-m/nofp/libc_nano.a(libc_a-init.o)
 .ARM.attributes
                0x000000a4       0x2d cmake/stm32cubemx/CMakeFiles/STM32_Drivers.dir/__/__/Core/Src/system_stm32f1xx.c.obj
 .ARM.attributes
                0x000000d1       0x2d cmake/stm32cubemx/CMakeFiles/STM32_Drivers.dir/__/__/Drivers/STM32F1xx_HAL_Driver/Src/stm32f1xx_hal_i2c.c.obj
 .ARM.attributes
                0x000000fe       0x2d cmake/stm32cubemx/CMakeFiles/STM32_Drivers.dir/__/__/Drivers/STM32F1xx_HAL_Driver/Src/stm32f1xx_hal.c.obj
 .ARM.attributes
                0x0000012b       0x2d cmake/stm32cubemx/CMakeFiles/STM32_Drivers.dir/__/__/Drivers/STM32F1xx_HAL_Driver/Src/stm32f1xx_hal_rcc.c.obj
 .ARM.attributes
                0x00000158       0x2d cmake/stm32cubemx/CMakeFiles/STM32_Drivers.dir/__/__/Drivers/STM32F1xx_HAL_Driver/Src/stm32f1xx_hal_gpio.c.obj
 .ARM.attributes
                0x00000185       0x2d cmake/stm32cubemx/CMakeFiles/STM32_Drivers.dir/__/__/Drivers/STM32F1xx_HAL_Driver/Src/stm32f1xx_hal_dma.c.obj
 .ARM.attributes
                0x000001b2       0x2d cmake/stm32cubemx/CMakeFiles/STM32_Drivers.dir/__/__/Drivers/STM32F1xx_HAL_Driver/Src/stm32f1xx_hal_cortex.c.obj
 .ARM.attributes
                0x000001df       0x2d cmake/stm32cubemx/CMakeFiles/STM32_Drivers.dir/__/__/Drivers/STM32F1xx_HAL_Driver/Src/stm32f1xx_hal_spi.c.obj
 .ARM.attributes
                0x0000020c       0x2d cmake/stm32cubemx/CMakeFiles/STM32_Drivers.dir/__/__/Drivers/STM32F1xx_HAL_Driver/Src/stm32f1xx_hal_uart.c.obj
 .ARM.attributes
                0x00000239       0x2d CMakeFiles/dc_diploma_code.dir/Core/Src/main.c.obj
 .ARM.attributes
                0x00000266       0x2d CMakeFiles/dc_diploma_code.dir/Core/Src/stm32f1xx_it.c.obj
 .ARM.attributes
                0x00000293       0x2d CMakeFiles/dc_diploma_code.dir/Core/Src/stm32f1xx_hal_msp.c.obj
 .ARM.attributes
                0x000002c0       0x21 CMakeFiles/dc_diploma_code.dir/startup_stm32f103x6.s.obj
 .ARM.attributes
                0x000002e1       0x2d CMakeFiles/dc_diploma_code.dir/Core/Src/ds18b20.c.obj
 .ARM.attributes
                0x0000030e       0x2d CMakeFiles/dc_diploma_code.dir/Core/Src/uart_term.c.obj
 .ARM.attributes
                0x0000033b       0x2d CMakeFiles/dc_diploma_code.dir/Core/Src/onewire.c.obj
 .ARM.attributes
                0x00000368       0x1d /usr/bin/../lib/gcc/arm-none-eabi/14.2.1/thumb/v7-m/nofp/libgcc.a(_arm_mulsf3.o)
 .ARM.attributes
                0x00000385       0x1d /usr/bin/../lib/gcc/arm-none-eabi/14.2.1/thumb/v7-m/nofp/libgcc.a(_arm_addsubsf3.o)
 .ARM.attributes
                0x000003a2       0x2d /usr/bin/../lib/gcc/arm-none-eabi/14.2.1/thumb/v7-m/nofp/crtend.o
 .ARM.attributes
                0x000003cf       0x1d /usr/bin/../lib/gcc/arm-none-eabi/14.2.1/thumb/v7-m/nofp/crtn.o

.comment        0x00000000       0x45
 .comment       0x00000000       0x45 cmake/stm32cubemx/CMakeFiles/STM32_Drivers.dir/__/__/Core/Src/system_stm32f1xx.c.obj
                                 0x46 (size before relaxing)
 .comment       0x00000045       0x46 cmake/stm32cubemx/CMakeFiles/STM32_Drivers.dir/__/__/Drivers/STM32F1xx_HAL_Driver/Src/stm32f1xx_hal_i2c.c.obj
 .comment       0x00000045       0x46 cmake/stm32cubemx/CMakeFiles/STM32_Drivers.dir/__/__/Drivers/STM32F1xx_HAL_Driver/Src/stm32f1xx_hal.c.obj
 .comment       0x00000045       0x46 cmake/stm32cubemx/CMakeFiles/STM32_Drivers.dir/__/__/Drivers/STM32F1xx_HAL_Driver/Src/stm32f1xx_hal_rcc.c.obj
 .comment       0x00000045       0x46 cmake/stm32cubemx/CMakeFiles/STM32_Drivers.dir/__/__/Drivers/STM32F1xx_HAL_Driver/Src/stm32f1xx_hal_gpio.c.obj
 .comment       0x00000045       0x46 cmake/stm32cubemx/CMakeFiles/STM32_Drivers.dir/__/__/Drivers/STM32F1xx_HAL_Driver/Src/stm32f1xx_hal_dma.c.obj
 .comment       0x00000045       0x46 cmake/stm32cubemx/CMakeFiles/STM32_Drivers.dir/__/__/Drivers/STM32F1xx_HAL_Driver/Src/stm32f1xx_hal_cortex.c.obj
 .comment       0x00000045       0x46 cmake/stm32cubemx/CMakeFiles/STM32_Drivers.dir/__/__/Drivers/STM32F1xx_HAL_Driver/Src/stm32f1xx_hal_spi.c.obj
 .comment       0x00000045       0x46 cmake/stm32cubemx/CMakeFiles/STM32_Drivers.dir/__/__/Drivers/STM32F1xx_HAL_Driver/Src/stm32f1xx_hal_uart.c.obj
 .comment       0x00000045       0x46 CMakeFiles/dc_diploma_code.dir/Core/Src/main.c.obj
 .comment       0x00000045       0x46 CMakeFiles/dc_diploma_code.dir/Core/Src/stm32f1xx_it.c.obj
 .comment       0x00000045       0x46 CMakeFiles/dc_diploma_code.dir/Core/Src/stm32f1xx_hal_msp.c.obj
 .comment       0x00000045       0x46 CMakeFiles/dc_diploma_code.dir/Core/Src/ds18b20.c.obj
 .comment       0x00000045       0x46 CMakeFiles/dc_diploma_code.dir/Core/Src/uart_term.c.obj
 .comment       0x00000045       0x46 CMakeFiles/dc_diploma_code.dir/Core/Src/onewire.c.obj

.debug_frame    0x00000000     0x319c
 .debug_frame   0x00000000       0x20 /usr/bin/../lib/gcc/arm-none-eabi/14.2.1/../../../../arm-none-eabi/lib/thumb/v7-m/nofp/libc_nano.a(libc_a-memset.o)
 .debug_frame   0x00000020       0x2c /usr/bin/../lib/gcc/arm-none-eabi/14.2.1/../../../../arm-none-eabi/lib/thumb/v7-m/nofp/libc_nano.a(libc_a-init.o)
 .debug_frame   0x0000004c       0x58 cmake/stm32cubemx/CMakeFiles/STM32_Drivers.dir/__/__/Core/Src/system_stm32f1xx.c.obj
 .debug_frame   0x000000a4      0xc84 cmake/stm32cubemx/CMakeFiles/STM32_Drivers.dir/__/__/Drivers/STM32F1xx_HAL_Driver/Src/stm32f1xx_hal_i2c.c.obj
 .debug_frame   0x00000d28      0x334 cmake/stm32cubemx/CMakeFiles/STM32_Drivers.dir/__/__/Drivers/STM32F1xx_HAL_Driver/Src/stm32f1xx_hal.c.obj
 .debug_frame   0x0000105c      0x218 cmake/stm32cubemx/CMakeFiles/STM32_Drivers.dir/__/__/Drivers/STM32F1xx_HAL_Driver/Src/stm32f1xx_hal_rcc.c.obj
 .debug_frame   0x00001274      0x14c cmake/stm32cubemx/CMakeFiles/STM32_Drivers.dir/__/__/Drivers/STM32F1xx_HAL_Driver/Src/stm32f1xx_hal_gpio.c.obj
 .debug_frame   0x000013c0      0x208 cmake/stm32cubemx/CMakeFiles/STM32_Drivers.dir/__/__/Drivers/STM32F1xx_HAL_Driver/Src/stm32f1xx_hal_dma.c.obj
 .debug_frame   0x000015c8      0x428 cmake/stm32cubemx/CMakeFiles/STM32_Drivers.dir/__/__/Drivers/STM32F1xx_HAL_Driver/Src/stm32f1xx_hal_cortex.c.obj
 .debug_frame   0x000019f0      0x824 cmake/stm32cubemx/CMakeFiles/STM32_Drivers.dir/__/__/Drivers/STM32F1xx_HAL_Driver/Src/stm32f1xx_hal_spi.c.obj
 .debug_frame   0x00002214      0x944 cmake/stm32cubemx/CMakeFiles/STM32_Drivers.dir/__/__/Drivers/STM32F1xx_HAL_Driver/Src/stm32f1xx_hal_uart.c.obj
 .debug_frame   0x00002b58      0x12c CMakeFiles/dc_diploma_code.dir/Core/Src/main.c.obj
 .debug_frame   0x00002c84      0x13c CMakeFiles/dc_diploma_code.dir/Core/Src/stm32f1xx_it.c.obj
 .debug_frame   0x00002dc0      0x110 CMakeFiles/dc_diploma_code.dir/Core/Src/stm32f1xx_hal_msp.c.obj
 .debug_frame   0x00002ed0      0x184 CMakeFiles/dc_diploma_code.dir/Core/Src/ds18b20.c.obj
 .debug_frame   0x00003054       0x38 CMakeFiles/dc_diploma_code.dir/Core/Src/uart_term.c.obj
 .debug_frame   0x0000308c       0xa0 CMakeFiles/dc_diploma_code.dir/Core/Src/onewire.c.obj
 .debug_frame   0x0000312c       0x24 /usr/bin/../lib/gcc/arm-none-eabi/14.2.1/thumb/v7-m/nofp/libgcc.a(_arm_mulsf3.o)
 .debug_frame   0x00003150       0x4c /usr/bin/../lib/gcc/arm-none-eabi/14.2.1/thumb/v7-m/nofp/libgcc.a(_arm_addsubsf3.o)

.debug_info     0x00000000     0xd0d5
 .debug_info    0x00000000      0x222 cmake/stm32cubemx/CMakeFiles/STM32_Drivers.dir/__/__/Core/Src/system_stm32f1xx.c.obj
 .debug_info    0x00000222     0x2524 cmake/stm32cubemx/CMakeFiles/STM32_Drivers.dir/__/__/Drivers/STM32F1xx_HAL_Driver/Src/stm32f1xx_hal_i2c.c.obj
 .debug_info    0x00002746      0x6e6 cmake/stm32cubemx/CMakeFiles/STM32_Drivers.dir/__/__/Drivers/STM32F1xx_HAL_Driver/Src/stm32f1xx_hal.c.obj
 .debug_info    0x00002e2c      0x7d5 cmake/stm32cubemx/CMakeFiles/STM32_Drivers.dir/__/__/Drivers/STM32F1xx_HAL_Driver/Src/stm32f1xx_hal_rcc.c.obj
 .debug_info    0x00003601      0x5ab cmake/stm32cubemx/CMakeFiles/STM32_Drivers.dir/__/__/Drivers/STM32F1xx_HAL_Driver/Src/stm32f1xx_hal_gpio.c.obj
 .debug_info    0x00003bac      0x6d2 cmake/stm32cubemx/CMakeFiles/STM32_Drivers.dir/__/__/Drivers/STM32F1xx_HAL_Driver/Src/stm32f1xx_hal_dma.c.obj
 .debug_info    0x0000427e      0xa69 cmake/stm32cubemx/CMakeFiles/STM32_Drivers.dir/__/__/Drivers/STM32F1xx_HAL_Driver/Src/stm32f1xx_hal_cortex.c.obj
 .debug_info    0x00004ce7     0x142d cmake/stm32cubemx/CMakeFiles/STM32_Drivers.dir/__/__/Drivers/STM32F1xx_HAL_Driver/Src/stm32f1xx_hal_spi.c.obj
 .debug_info    0x00006114     0x2eed cmake/stm32cubemx/CMakeFiles/STM32_Drivers.dir/__/__/Drivers/STM32F1xx_HAL_Driver/Src/stm32f1xx_hal_uart.c.obj
 .debug_info    0x00009001     0x12b2 CMakeFiles/dc_diploma_code.dir/Core/Src/main.c.obj
 .debug_info    0x0000a2b3      0x616 CMakeFiles/dc_diploma_code.dir/Core/Src/stm32f1xx_it.c.obj
 .debug_info    0x0000a8c9     0x1019 CMakeFiles/dc_diploma_code.dir/Core/Src/stm32f1xx_hal_msp.c.obj
 .debug_info    0x0000b8e2       0x30 CMakeFiles/dc_diploma_code.dir/startup_stm32f103x6.s.obj
 .debug_info    0x0000b912      0xaa1 CMakeFiles/dc_diploma_code.dir/Core/Src/ds18b20.c.obj
 .debug_info    0x0000c3b3      0x5dc CMakeFiles/dc_diploma_code.dir/Core/Src/uart_term.c.obj
 .debug_info    0x0000c98f      0x746 CMakeFiles/dc_diploma_code.dir/Core/Src/onewire.c.obj

.debug_abbrev   0x00000000     0x20e3
 .debug_abbrev  0x00000000      0x13f cmake/stm32cubemx/CMakeFiles/STM32_Drivers.dir/__/__/Core/Src/system_stm32f1xx.c.obj
 .debug_abbrev  0x0000013f      0x2a3 cmake/stm32cubemx/CMakeFiles/STM32_Drivers.dir/__/__/Drivers/STM32F1xx_HAL_Driver/Src/stm32f1xx_hal_i2c.c.obj
 .debug_abbrev  0x000003e2      0x201 cmake/stm32cubemx/CMakeFiles/STM32_Drivers.dir/__/__/Drivers/STM32F1xx_HAL_Driver/Src/stm32f1xx_hal.c.obj
 .debug_abbrev  0x000005e3      0x2b3 cmake/stm32cubemx/CMakeFiles/STM32_Drivers.dir/__/__/Drivers/STM32F1xx_HAL_Driver/Src/stm32f1xx_hal_rcc.c.obj
 .debug_abbrev  0x00000896      0x1ca cmake/stm32cubemx/CMakeFiles/STM32_Drivers.dir/__/__/Drivers/STM32F1xx_HAL_Driver/Src/stm32f1xx_hal_gpio.c.obj
 .debug_abbrev  0x00000a60      0x20b cmake/stm32cubemx/CMakeFiles/STM32_Drivers.dir/__/__/Drivers/STM32F1xx_HAL_Driver/Src/stm32f1xx_hal_dma.c.obj
 .debug_abbrev  0x00000c6b      0x2f8 cmake/stm32cubemx/CMakeFiles/STM32_Drivers.dir/__/__/Drivers/STM32F1xx_HAL_Driver/Src/stm32f1xx_hal_cortex.c.obj
 .debug_abbrev  0x00000f63      0x27a cmake/stm32cubemx/CMakeFiles/STM32_Drivers.dir/__/__/Drivers/STM32F1xx_HAL_Driver/Src/stm32f1xx_hal_spi.c.obj
 .debug_abbrev  0x000011dd      0x2f8 cmake/stm32cubemx/CMakeFiles/STM32_Drivers.dir/__/__/Drivers/STM32F1xx_HAL_Driver/Src/stm32f1xx_hal_uart.c.obj
 .debug_abbrev  0x000014d5      0x2ad CMakeFiles/dc_diploma_code.dir/Core/Src/main.c.obj
 .debug_abbrev  0x00001782      0x178 CMakeFiles/dc_diploma_code.dir/Core/Src/stm32f1xx_it.c.obj
 .debug_abbrev  0x000018fa      0x249 CMakeFiles/dc_diploma_code.dir/Core/Src/stm32f1xx_hal_msp.c.obj
 .debug_abbrev  0x00001b43       0x24 CMakeFiles/dc_diploma_code.dir/startup_stm32f103x6.s.obj
 .debug_abbrev  0x00001b67      0x268 CMakeFiles/dc_diploma_code.dir/Core/Src/ds18b20.c.obj
 .debug_abbrev  0x00001dcf      0x15b CMakeFiles/dc_diploma_code.dir/Core/Src/uart_term.c.obj
 .debug_abbrev  0x00001f2a      0x1b9 CMakeFiles/dc_diploma_code.dir/Core/Src/onewire.c.obj

.debug_aranges  0x00000000      0xbf8
 .debug_aranges
                0x00000000       0x28 cmake/stm32cubemx/CMakeFiles/STM32_Drivers.dir/__/__/Core/Src/system_stm32f1xx.c.obj
 .debug_aranges
                0x00000028      0x2a8 cmake/stm32cubemx/CMakeFiles/STM32_Drivers.dir/__/__/Drivers/STM32F1xx_HAL_Driver/Src/stm32f1xx_hal_i2c.c.obj
 .debug_aranges
                0x000002d0       0xe0 cmake/stm32cubemx/CMakeFiles/STM32_Drivers.dir/__/__/Drivers/STM32F1xx_HAL_Driver/Src/stm32f1xx_hal.c.obj
 .debug_aranges
                0x000003b0       0x90 cmake/stm32cubemx/CMakeFiles/STM32_Drivers.dir/__/__/Drivers/STM32F1xx_HAL_Driver/Src/stm32f1xx_hal_rcc.c.obj
 .debug_aranges
                0x00000440       0x58 cmake/stm32cubemx/CMakeFiles/STM32_Drivers.dir/__/__/Drivers/STM32F1xx_HAL_Driver/Src/stm32f1xx_hal_gpio.c.obj
 .debug_aranges
                0x00000498       0x80 cmake/stm32cubemx/CMakeFiles/STM32_Drivers.dir/__/__/Drivers/STM32F1xx_HAL_Driver/Src/stm32f1xx_hal_dma.c.obj
 .debug_aranges
                0x00000518      0x100 cmake/stm32cubemx/CMakeFiles/STM32_Drivers.dir/__/__/Drivers/STM32F1xx_HAL_Driver/Src/stm32f1xx_hal_cortex.c.obj
 .debug_aranges
                0x00000618      0x1d0 cmake/stm32cubemx/CMakeFiles/STM32_Drivers.dir/__/__/Drivers/STM32F1xx_HAL_Driver/Src/stm32f1xx_hal_spi.c.obj
 .debug_aranges
                0x000007e8      0x208 cmake/stm32cubemx/CMakeFiles/STM32_Drivers.dir/__/__/Drivers/STM32F1xx_HAL_Driver/Src/stm32f1xx_hal_uart.c.obj
 .debug_aranges
                0x000009f0       0x60 CMakeFiles/dc_diploma_code.dir/Core/Src/main.c.obj
 .debug_aranges
                0x00000a50       0x70 CMakeFiles/dc_diploma_code.dir/Core/Src/stm32f1xx_it.c.obj
 .debug_aranges
                0x00000ac0       0x50 CMakeFiles/dc_diploma_code.dir/Core/Src/stm32f1xx_hal_msp.c.obj
 .debug_aranges
                0x00000b10       0x28 CMakeFiles/dc_diploma_code.dir/startup_stm32f103x6.s.obj
 .debug_aranges
                0x00000b38       0x68 CMakeFiles/dc_diploma_code.dir/Core/Src/ds18b20.c.obj
 .debug_aranges
                0x00000ba0       0x20 CMakeFiles/dc_diploma_code.dir/Core/Src/uart_term.c.obj
 .debug_aranges
                0x00000bc0       0x38 CMakeFiles/dc_diploma_code.dir/Core/Src/onewire.c.obj

.debug_rnglists
                0x00000000      0x95a
 .debug_rnglists
                0x00000000       0x1a cmake/stm32cubemx/CMakeFiles/STM32_Drivers.dir/__/__/Core/Src/system_stm32f1xx.c.obj
 .debug_rnglists
                0x0000001a      0x23c cmake/stm32cubemx/CMakeFiles/STM32_Drivers.dir/__/__/Drivers/STM32F1xx_HAL_Driver/Src/stm32f1xx_hal_i2c.c.obj
 .debug_rnglists
                0x00000256       0xa3 cmake/stm32cubemx/CMakeFiles/STM32_Drivers.dir/__/__/Drivers/STM32F1xx_HAL_Driver/Src/stm32f1xx_hal.c.obj
 .debug_rnglists
                0x000002f9       0x6c cmake/stm32cubemx/CMakeFiles/STM32_Drivers.dir/__/__/Drivers/STM32F1xx_HAL_Driver/Src/stm32f1xx_hal_rcc.c.obj
 .debug_rnglists
                0x00000365       0x3f cmake/stm32cubemx/CMakeFiles/STM32_Drivers.dir/__/__/Drivers/STM32F1xx_HAL_Driver/Src/stm32f1xx_hal_gpio.c.obj
 .debug_rnglists
                0x000003a4       0x64 cmake/stm32cubemx/CMakeFiles/STM32_Drivers.dir/__/__/Drivers/STM32F1xx_HAL_Driver/Src/stm32f1xx_hal_dma.c.obj
 .debug_rnglists
                0x00000408       0xbb cmake/stm32cubemx/CMakeFiles/STM32_Drivers.dir/__/__/Drivers/STM32F1xx_HAL_Driver/Src/stm32f1xx_hal_cortex.c.obj
 .debug_rnglists
                0x000004c3      0x16e cmake/stm32cubemx/CMakeFiles/STM32_Drivers.dir/__/__/Drivers/STM32F1xx_HAL_Driver/Src/stm32f1xx_hal_spi.c.obj
 .debug_rnglists
                0x00000631      0x1bc cmake/stm32cubemx/CMakeFiles/STM32_Drivers.dir/__/__/Drivers/STM32F1xx_HAL_Driver/Src/stm32f1xx_hal_uart.c.obj
 .debug_rnglists
                0x000007ed       0x46 CMakeFiles/dc_diploma_code.dir/Core/Src/main.c.obj
 .debug_rnglists
                0x00000833       0x4f CMakeFiles/dc_diploma_code.dir/Core/Src/stm32f1xx_it.c.obj
 .debug_rnglists
                0x00000882       0x3a CMakeFiles/dc_diploma_code.dir/Core/Src/stm32f1xx_hal_msp.c.obj
 .debug_rnglists
                0x000008bc       0x19 CMakeFiles/dc_diploma_code.dir/startup_stm32f103x6.s.obj
 .debug_rnglists
                0x000008d5       0x4c CMakeFiles/dc_diploma_code.dir/Core/Src/ds18b20.c.obj
 .debug_rnglists
                0x00000921       0x13 CMakeFiles/dc_diploma_code.dir/Core/Src/uart_term.c.obj
 .debug_rnglists
                0x00000934       0x26 CMakeFiles/dc_diploma_code.dir/Core/Src/onewire.c.obj

.debug_macro    0x00000000    0x16b1d
 .debug_macro   0x00000000      0x1a0 cmake/stm32cubemx/CMakeFiles/STM32_Drivers.dir/__/__/Core/Src/system_stm32f1xx.c.obj
 .debug_macro   0x000001a0      0xacc cmake/stm32cubemx/CMakeFiles/STM32_Drivers.dir/__/__/Core/Src/system_stm32f1xx.c.obj
 .debug_macro   0x00000c6c       0x2e cmake/stm32cubemx/CMakeFiles/STM32_Drivers.dir/__/__/Core/Src/system_stm32f1xx.c.obj
 .debug_macro   0x00000c9a       0x22 cmake/stm32cubemx/CMakeFiles/STM32_Drivers.dir/__/__/Core/Src/system_stm32f1xx.c.obj
 .debug_macro   0x00000cbc       0x22 cmake/stm32cubemx/CMakeFiles/STM32_Drivers.dir/__/__/Core/Src/system_stm32f1xx.c.obj
 .debug_macro   0x00000cde       0x8e cmake/stm32cubemx/CMakeFiles/STM32_Drivers.dir/__/__/Core/Src/system_stm32f1xx.c.obj
 .debug_macro   0x00000d6c       0x51 cmake/stm32cubemx/CMakeFiles/STM32_Drivers.dir/__/__/Core/Src/system_stm32f1xx.c.obj
 .debug_macro   0x00000dbd      0x103 cmake/stm32cubemx/CMakeFiles/STM32_Drivers.dir/__/__/Core/Src/system_stm32f1xx.c.obj
 .debug_macro   0x00000ec0       0x6a cmake/stm32cubemx/CMakeFiles/STM32_Drivers.dir/__/__/Core/Src/system_stm32f1xx.c.obj
 .debug_macro   0x00000f2a      0x1df cmake/stm32cubemx/CMakeFiles/STM32_Drivers.dir/__/__/Core/Src/system_stm32f1xx.c.obj
 .debug_macro   0x00001109       0x1c cmake/stm32cubemx/CMakeFiles/STM32_Drivers.dir/__/__/Core/Src/system_stm32f1xx.c.obj
 .debug_macro   0x00001125       0x22 cmake/stm32cubemx/CMakeFiles/STM32_Drivers.dir/__/__/Core/Src/system_stm32f1xx.c.obj
 .debug_macro   0x00001147       0xbd cmake/stm32cubemx/CMakeFiles/STM32_Drivers.dir/__/__/Core/Src/system_stm32f1xx.c.obj
 .debug_macro   0x00001204      0xd23 cmake/stm32cubemx/CMakeFiles/STM32_Drivers.dir/__/__/Core/Src/system_stm32f1xx.c.obj
 .debug_macro   0x00001f27     0xde75 cmake/stm32cubemx/CMakeFiles/STM32_Drivers.dir/__/__/Core/Src/system_stm32f1xx.c.obj
 .debug_macro   0x0000fd9c       0x6d cmake/stm32cubemx/CMakeFiles/STM32_Drivers.dir/__/__/Core/Src/system_stm32f1xx.c.obj
 .debug_macro   0x0000fe09      0x227 cmake/stm32cubemx/CMakeFiles/STM32_Drivers.dir/__/__/Core/Src/system_stm32f1xx.c.obj
 .debug_macro   0x00010030     0x34a2 cmake/stm32cubemx/CMakeFiles/STM32_Drivers.dir/__/__/Core/Src/system_stm32f1xx.c.obj
 .debug_macro   0x000134d2      0x190 cmake/stm32cubemx/CMakeFiles/STM32_Drivers.dir/__/__/Core/Src/system_stm32f1xx.c.obj
 .debug_macro   0x00013662       0x5c cmake/stm32cubemx/CMakeFiles/STM32_Drivers.dir/__/__/Core/Src/system_stm32f1xx.c.obj
 .debug_macro   0x000136be      0x5bc cmake/stm32cubemx/CMakeFiles/STM32_Drivers.dir/__/__/Core/Src/system_stm32f1xx.c.obj
 .debug_macro   0x00013c7a      0x1b7 cmake/stm32cubemx/CMakeFiles/STM32_Drivers.dir/__/__/Core/Src/system_stm32f1xx.c.obj
 .debug_macro   0x00013e31      0x1cb cmake/stm32cubemx/CMakeFiles/STM32_Drivers.dir/__/__/Core/Src/system_stm32f1xx.c.obj
 .debug_macro   0x00013ffc      0x114 cmake/stm32cubemx/CMakeFiles/STM32_Drivers.dir/__/__/Core/Src/system_stm32f1xx.c.obj
 .debug_macro   0x00014110      0x1b2 cmake/stm32cubemx/CMakeFiles/STM32_Drivers.dir/__/__/Core/Src/system_stm32f1xx.c.obj
 .debug_macro   0x000142c2       0x27 cmake/stm32cubemx/CMakeFiles/STM32_Drivers.dir/__/__/Core/Src/system_stm32f1xx.c.obj
 .debug_macro   0x000142e9      0x12f cmake/stm32cubemx/CMakeFiles/STM32_Drivers.dir/__/__/Core/Src/system_stm32f1xx.c.obj
 .debug_macro   0x00014418      0x1bc cmake/stm32cubemx/CMakeFiles/STM32_Drivers.dir/__/__/Core/Src/system_stm32f1xx.c.obj
 .debug_macro   0x000145d4       0x34 cmake/stm32cubemx/CMakeFiles/STM32_Drivers.dir/__/__/Core/Src/system_stm32f1xx.c.obj
 .debug_macro   0x00014608       0x3c cmake/stm32cubemx/CMakeFiles/STM32_Drivers.dir/__/__/Core/Src/system_stm32f1xx.c.obj
 .debug_macro   0x00014644       0x57 cmake/stm32cubemx/CMakeFiles/STM32_Drivers.dir/__/__/Core/Src/system_stm32f1xx.c.obj
 .debug_macro   0x0001469b       0x87 cmake/stm32cubemx/CMakeFiles/STM32_Drivers.dir/__/__/Core/Src/system_stm32f1xx.c.obj
 .debug_macro   0x00014722      0x183 cmake/stm32cubemx/CMakeFiles/STM32_Drivers.dir/__/__/Core/Src/system_stm32f1xx.c.obj
 .debug_macro   0x000148a5      0x287 cmake/stm32cubemx/CMakeFiles/STM32_Drivers.dir/__/__/Core/Src/system_stm32f1xx.c.obj
 .debug_macro   0x00014b2c      0x140 cmake/stm32cubemx/CMakeFiles/STM32_Drivers.dir/__/__/Core/Src/system_stm32f1xx.c.obj
 .debug_macro   0x00014c6c      0x217 cmake/stm32cubemx/CMakeFiles/STM32_Drivers.dir/__/__/Core/Src/system_stm32f1xx.c.obj
 .debug_macro   0x00014e83      0x28e cmake/stm32cubemx/CMakeFiles/STM32_Drivers.dir/__/__/Core/Src/system_stm32f1xx.c.obj
 .debug_macro   0x00015111       0x69 cmake/stm32cubemx/CMakeFiles/STM32_Drivers.dir/__/__/Core/Src/system_stm32f1xx.c.obj
 .debug_macro   0x0001517a      0x1ee cmake/stm32cubemx/CMakeFiles/STM32_Drivers.dir/__/__/Drivers/STM32F1xx_HAL_Driver/Src/stm32f1xx_hal_i2c.c.obj
 .debug_macro   0x00015368      0x1c4 cmake/stm32cubemx/CMakeFiles/STM32_Drivers.dir/__/__/Drivers/STM32F1xx_HAL_Driver/Src/stm32f1xx_hal.c.obj
 .debug_macro   0x0001552c      0x1b2 cmake/stm32cubemx/CMakeFiles/STM32_Drivers.dir/__/__/Drivers/STM32F1xx_HAL_Driver/Src/stm32f1xx_hal_rcc.c.obj
 .debug_macro   0x000156de      0x20b cmake/stm32cubemx/CMakeFiles/STM32_Drivers.dir/__/__/Drivers/STM32F1xx_HAL_Driver/Src/stm32f1xx_hal_gpio.c.obj
 .debug_macro   0x000158e9      0x1a0 cmake/stm32cubemx/CMakeFiles/STM32_Drivers.dir/__/__/Drivers/STM32F1xx_HAL_Driver/Src/stm32f1xx_hal_dma.c.obj
 .debug_macro   0x00015a89      0x1a0 cmake/stm32cubemx/CMakeFiles/STM32_Drivers.dir/__/__/Drivers/STM32F1xx_HAL_Driver/Src/stm32f1xx_hal_cortex.c.obj
 .debug_macro   0x00015c29      0x1a8 cmake/stm32cubemx/CMakeFiles/STM32_Drivers.dir/__/__/Drivers/STM32F1xx_HAL_Driver/Src/stm32f1xx_hal_spi.c.obj
 .debug_macro   0x00015dd1      0x1a1 cmake/stm32cubemx/CMakeFiles/STM32_Drivers.dir/__/__/Drivers/STM32F1xx_HAL_Driver/Src/stm32f1xx_hal_uart.c.obj
 .debug_macro   0x00015f72      0x1cc CMakeFiles/dc_diploma_code.dir/Core/Src/main.c.obj
 .debug_macro   0x0001613e       0x70 CMakeFiles/dc_diploma_code.dir/Core/Src/main.c.obj
 .debug_macro   0x000161ae       0x8e CMakeFiles/dc_diploma_code.dir/Core/Src/main.c.obj
 .debug_macro   0x0001623c      0x1b9 CMakeFiles/dc_diploma_code.dir/Core/Src/stm32f1xx_it.c.obj
 .debug_macro   0x000163f5      0x1af CMakeFiles/dc_diploma_code.dir/Core/Src/stm32f1xx_hal_msp.c.obj
 .debug_macro   0x000165a4      0x1c7 CMakeFiles/dc_diploma_code.dir/Core/Src/ds18b20.c.obj
 .debug_macro   0x0001676b       0x28 CMakeFiles/dc_diploma_code.dir/Core/Src/ds18b20.c.obj
 .debug_macro   0x00016793      0x1b9 CMakeFiles/dc_diploma_code.dir/Core/Src/uart_term.c.obj
 .debug_macro   0x0001694c      0x1af CMakeFiles/dc_diploma_code.dir/Core/Src/onewire.c.obj
 .debug_macro   0x00016afb       0x22 CMakeFiles/dc_diploma_code.dir/Core/Src/onewire.c.obj

.debug_line     0x00000000     0xd363
 .debug_line    0x00000000      0x57b cmake/stm32cubemx/CMakeFiles/STM32_Drivers.dir/__/__/Core/Src/system_stm32f1xx.c.obj
 .debug_line    0x0000057b     0x39a9 cmake/stm32cubemx/CMakeFiles/STM32_Drivers.dir/__/__/Drivers/STM32F1xx_HAL_Driver/Src/stm32f1xx_hal_i2c.c.obj
 .debug_line    0x00003f24      0x7ac cmake/stm32cubemx/CMakeFiles/STM32_Drivers.dir/__/__/Drivers/STM32F1xx_HAL_Driver/Src/stm32f1xx_hal.c.obj
 .debug_line    0x000046d0      0xc65 cmake/stm32cubemx/CMakeFiles/STM32_Drivers.dir/__/__/Drivers/STM32F1xx_HAL_Driver/Src/stm32f1xx_hal_rcc.c.obj
 .debug_line    0x00005335      0x7f4 cmake/stm32cubemx/CMakeFiles/STM32_Drivers.dir/__/__/Drivers/STM32F1xx_HAL_Driver/Src/stm32f1xx_hal_gpio.c.obj
 .debug_line    0x00005b29      0xbb6 cmake/stm32cubemx/CMakeFiles/STM32_Drivers.dir/__/__/Drivers/STM32F1xx_HAL_Driver/Src/stm32f1xx_hal_dma.c.obj
 .debug_line    0x000066df      0x976 cmake/stm32cubemx/CMakeFiles/STM32_Drivers.dir/__/__/Drivers/STM32F1xx_HAL_Driver/Src/stm32f1xx_hal_cortex.c.obj
 .debug_line    0x00007055     0x1a43 cmake/stm32cubemx/CMakeFiles/STM32_Drivers.dir/__/__/Drivers/STM32F1xx_HAL_Driver/Src/stm32f1xx_hal_spi.c.obj
 .debug_line    0x00008a98     0x22c8 cmake/stm32cubemx/CMakeFiles/STM32_Drivers.dir/__/__/Drivers/STM32F1xx_HAL_Driver/Src/stm32f1xx_hal_uart.c.obj
 .debug_line    0x0000ad60      0x6ff CMakeFiles/dc_diploma_code.dir/Core/Src/main.c.obj
 .debug_line    0x0000b45f      0x5db CMakeFiles/dc_diploma_code.dir/Core/Src/stm32f1xx_it.c.obj
 .debug_line    0x0000ba3a      0x647 CMakeFiles/dc_diploma_code.dir/Core/Src/stm32f1xx_hal_msp.c.obj
 .debug_line    0x0000c081       0x78 CMakeFiles/dc_diploma_code.dir/startup_stm32f103x6.s.obj
 .debug_line    0x0000c0f9      0x79c CMakeFiles/dc_diploma_code.dir/Core/Src/ds18b20.c.obj
 .debug_line    0x0000c895      0x506 CMakeFiles/dc_diploma_code.dir/Core/Src/uart_term.c.obj
 .debug_line    0x0000cd9b      0x5c8 CMakeFiles/dc_diploma_code.dir/Core/Src/onewire.c.obj

.debug_str      0x00000000    0x80e6a
 .debug_str     0x00000000    0x80e6a cmake/stm32cubemx/CMakeFiles/STM32_Drivers.dir/__/__/Core/Src/system_stm32f1xx.c.obj
                              0x7d3eb (size before relaxing)
 .debug_str     0x00080e6a    0x7e4b2 cmake/stm32cubemx/CMakeFiles/STM32_Drivers.dir/__/__/Drivers/STM32F1xx_HAL_Driver/Src/stm32f1xx_hal_i2c.c.obj
 .debug_str     0x00080e6a    0x7dae4 cmake/stm32cubemx/CMakeFiles/STM32_Drivers.dir/__/__/Drivers/STM32F1xx_HAL_Driver/Src/stm32f1xx_hal.c.obj
 .debug_str     0x00080e6a    0x7d81a cmake/stm32cubemx/CMakeFiles/STM32_Drivers.dir/__/__/Drivers/STM32F1xx_HAL_Driver/Src/stm32f1xx_hal_rcc.c.obj
 .debug_str     0x00080e6a    0x7d771 cmake/stm32cubemx/CMakeFiles/STM32_Drivers.dir/__/__/Drivers/STM32F1xx_HAL_Driver/Src/stm32f1xx_hal_gpio.c.obj
 .debug_str     0x00080e6a    0x7d794 cmake/stm32cubemx/CMakeFiles/STM32_Drivers.dir/__/__/Drivers/STM32F1xx_HAL_Driver/Src/stm32f1xx_hal_dma.c.obj
 .debug_str     0x00080e6a    0x7da30 cmake/stm32cubemx/CMakeFiles/STM32_Drivers.dir/__/__/Drivers/STM32F1xx_HAL_Driver/Src/stm32f1xx_hal_cortex.c.obj
 .debug_str     0x00080e6a    0x7dd11 cmake/stm32cubemx/CMakeFiles/STM32_Drivers.dir/__/__/Drivers/STM32F1xx_HAL_Driver/Src/stm32f1xx_hal_spi.c.obj
 .debug_str     0x00080e6a    0x7de8b cmake/stm32cubemx/CMakeFiles/STM32_Drivers.dir/__/__/Drivers/STM32F1xx_HAL_Driver/Src/stm32f1xx_hal_uart.c.obj
 .debug_str     0x00080e6a    0x7e7c8 CMakeFiles/dc_diploma_code.dir/Core/Src/main.c.obj
 .debug_str     0x00080e6a    0x7da44 CMakeFiles/dc_diploma_code.dir/Core/Src/stm32f1xx_it.c.obj
 .debug_str     0x00080e6a    0x7e1d3 CMakeFiles/dc_diploma_code.dir/Core/Src/stm32f1xx_hal_msp.c.obj
 .debug_str     0x00080e6a       0x8a CMakeFiles/dc_diploma_code.dir/startup_stm32f103x6.s.obj
 .debug_str     0x00080e6a    0x7df93 CMakeFiles/dc_diploma_code.dir/Core/Src/ds18b20.c.obj
 .debug_str     0x00080e6a    0x7d9ba CMakeFiles/dc_diploma_code.dir/Core/Src/uart_term.c.obj
 .debug_str     0x00080e6a    0x7d8e9 CMakeFiles/dc_diploma_code.dir/Core/Src/onewire.c.obj

.debug_line_str
                0x00000000      0x131
 .debug_line_str
                0x00000000      0x131 CMakeFiles/dc_diploma_code.dir/startup_stm32f103x6.s.obj
                                 0x6e (size before relaxing)
 .debug_line_str
                0x00000131       0xc3 /usr/bin/../lib/gcc/arm-none-eabi/14.2.1/thumb/v7-m/nofp/libgcc.a(_arm_mulsf3.o)
 .debug_line_str
                0x00000131       0xc3 /usr/bin/../lib/gcc/arm-none-eabi/14.2.1/thumb/v7-m/nofp/libgcc.a(_arm_addsubsf3.o)
